---
source: src/downstream/dialect.rs
expression: "rendered(&minimal(), \"peer-key\")"
---
--rsboundary
Content-Disposition: form-data; name="audio"; filename="audio.wav"

<AUDIO>
--rsboundary
Content-Disposition: form-data; name="audioFilename"

audio.wav
--rsboundary
Content-Disposition: form-data; name="dateTime"

1970-01-01T00:00:00Z
--rsboundary
Content-Disposition: form-data; name="key"

peer-key
--rsboundary
Content-Disposition: form-data; name="system"

11
--rsboundary
Content-Disposition: form-data; name="talkgroup"

100
--rsboundary
Content-Disposition: form-data; name="timestamp"

0
--rsboundary--
