---
source: src/call.rs
expression: full()
---
{
  "id": 42,
  "systemRef": 11,
  "systemLabel": "butco",
  "talkgroupRef": 54241,
  "talkgroupLabel": "TDB A1",
  "talkgroupGroup": "Fire",
  "talkgroupTag": "Fire Dispatch",
  "led": "red",
  "patches": [
    54001,
    54002
  ],
  "frequency": 774031250,
  "source": 1610092,
  "timestamp": 1669740338000,
  "audioMime": "audio/mp4",
  "durationMs": 8250,
  "emergency": true,
  "siteRef": 3,
  "audioUrl": "/api/call/42/audio"
}
